// Jest Snapshot v1, https://goo.gl/fbAQLP

exports[`<IonHeading /> snapshot tests should render heading h1 1`] = `
<h1
  class="c-fXXVzC c-fXXVzC-ipNeOn-color-primary c-fXXVzC-dAfpSa-size-normal c-fXXVzC-cdWBIM-weight-medium"
  data-testid="ion-heading-h1"
>
  Ion React
</h1>
`;

exports[`<IonHeading /> snapshot tests should render heading h2 1`] = `
<h2
  class="c-fXXVzC c-fXXVzC-ipNeOn-color-primary c-fXXVzC-fJNGCD-size-normal c-fXXVzC-cdWBIM-weight-medium"
  data-testid="ion-heading-h2"
>
  Ion React
</h2>
`;

exports[`<IonHeading /> snapshot tests should render heading h3 1`] = `
<h3
  class="c-fXXVzC c-fXXVzC-ipNeOn-color-primary c-fXXVzC-fhGAOp-size-normal c-fXXVzC-cdWBIM-weight-medium"
  data-testid="ion-heading-h3"
>
  Ion React
</h3>
`;

exports[`<IonHeading /> snapshot tests should render heading h4 1`] = `
<h4
  class="c-fXXVzC c-fXXVzC-ipNeOn-color-primary c-fXXVzC-cQlbiW-size-normal c-fXXVzC-cdWBIM-weight-medium"
  data-testid="ion-heading-h4"
>
  Ion React
</h4>
`;
